running egg_info
writing ../../build/tracking_person/tracking_person.egg-info/PKG-INFO
writing dependency_links to ../../build/tracking_person/tracking_person.egg-info/dependency_links.txt
writing entry points to ../../build/tracking_person/tracking_person.egg-info/entry_points.txt
writing requirements to ../../build/tracking_person/tracking_person.egg-info/requires.txt
writing top-level names to ../../build/tracking_person/tracking_person.egg-info/top_level.txt
reading manifest file '../../build/tracking_person/tracking_person.egg-info/SOURCES.txt'
writing manifest file '../../build/tracking_person/tracking_person.egg-info/SOURCES.txt'
running build
running build_py
running install
running install_lib
running install_data
copying launch/Tracker_launch.py -> /home/ricardosierra/Documents/TEC/7Semestre/ApplicationProject/turtlebot-4-pro-trackerProject/tracker_ws/install/tracking_person/share/tracking_person/launch
running install_egg_info
removing '/home/ricardosierra/Documents/TEC/7Semestre/ApplicationProject/turtlebot-4-pro-trackerProject/tracker_ws/install/tracking_person/lib/python3.12/site-packages/tracking_person-0.0.0-py3.12.egg-info' (and everything under it)
Copying ../../build/tracking_person/tracking_person.egg-info to /home/ricardosierra/Documents/TEC/7Semestre/ApplicationProject/turtlebot-4-pro-trackerProject/tracker_ws/install/tracking_person/lib/python3.12/site-packages/tracking_person-0.0.0-py3.12.egg-info
running install_scripts
Installing MotorsNode script to /home/ricardosierra/Documents/TEC/7Semestre/ApplicationProject/turtlebot-4-pro-trackerProject/tracker_ws/install/tracking_person/lib/tracking_person
Installing TrackerNode script to /home/ricardosierra/Documents/TEC/7Semestre/ApplicationProject/turtlebot-4-pro-trackerProject/tracker_ws/install/tracking_person/lib/tracking_person
writing list of installed files to '/home/ricardosierra/Documents/TEC/7Semestre/ApplicationProject/turtlebot-4-pro-trackerProject/tracker_ws/build/tracking_person/install.log'
